Archive member included to satisfy reference by file (symbol)

lib/orangescrt.a(printf.o)    kernel/main.o (printf)
lib/orangescrt.a(vsprintf.o)  kernel/main.o (vsprintf)
lib/orangescrt.a(string.o)    kernel/start.o (memcpy)
lib/orangescrt.a(misc.o)      kernel/main.o (send_recv)
lib/orangescrt.a(open.o)      kernel/main.o (open)
lib/orangescrt.a(read.o)      kernel/main.o (read)
lib/orangescrt.a(write.o)     kernel/main.o (write)
lib/orangescrt.a(close.o)     kernel/main.o (close)
lib/orangescrt.a(getpid.o)    kernel/main.o (getpid)
lib/orangescrt.a(stat.o)      mm/exec.o (stat)
lib/orangescrt.a(fork.o)      kernel/main.o (fork)
lib/orangescrt.a(wait.o)      kernel/main.o (wait)
lib/orangescrt.a(exec.o)      kernel/main.o (execv)
lib/orangescrt.a(syscall.o)   lib/orangescrt.a(misc.o) (sendrec)

Allocating common symbols
Common symbol       size              file

idt_ptr             0x6               kernel/global.o
inode_table         0xb00             kernel/global.o
task_stack          0x24000           kernel/global.o
k_reenter           0x4               kernel/global.o
gdt                 0x400             kernel/global.o
current_console     0x4               kernel/global.o
pcaller             0x4               kernel/global.o
tty_table           0xc6c             kernel/global.o
tss                 0x68              kernel/global.o
fs_msg              0x30              kernel/global.o
memory_size         0x4               kernel/global.o
f_desc_table        0x400             kernel/global.o
root_inode          0x4               kernel/global.o
disp_pos            0x4               kernel/global.o
mm_msg              0x30              kernel/global.o
key_pressed         0x4               kernel/global.o
gdt_ptr             0x6               kernel/global.o
idt                 0x800             kernel/global.o
super_block         0x1e0             kernel/global.o
PARTITION_ENTRY     0x10              kernel/hd.o
ticks               0x4               kernel/global.o
console_table       0x3c              kernel/global.o
irq_table           0x40              kernel/global.o
p_proc_ready        0x4               kernel/global.o
proc_table          0x3af8            kernel/global.o

Discarded input sections

 .note.GNU-stack
                0x0000000000000000        0x0 kernel/start.o
 .note.GNU-stack
                0x0000000000000000        0x0 kernel/main.o
 .note.GNU-stack
                0x0000000000000000        0x0 kernel/clock.o
 .note.GNU-stack
                0x0000000000000000        0x0 kernel/keyboard.o
 .note.GNU-stack
                0x0000000000000000        0x0 kernel/tty.o
 .note.GNU-stack
                0x0000000000000000        0x0 kernel/console.o
 .note.GNU-stack
                0x0000000000000000        0x0 kernel/i8259.o
 .note.GNU-stack
                0x0000000000000000        0x0 kernel/global.o
 .note.GNU-stack
                0x0000000000000000        0x0 kernel/protect.o
 .note.GNU-stack
                0x0000000000000000        0x0 kernel/proc.o
 .note.GNU-stack
                0x0000000000000000        0x0 kernel/systask.o
 .note.GNU-stack
                0x0000000000000000        0x0 kernel/hd.o
 .note.GNU-stack
                0x0000000000000000        0x0 kernel/klib.o
 .note.GNU-stack
                0x0000000000000000        0x0 lib/syslog.o
 .note.GNU-stack
                0x0000000000000000        0x0 mm/main.o
 .note.GNU-stack
                0x0000000000000000        0x0 mm/forkexit.o
 .note.GNU-stack
                0x0000000000000000        0x0 mm/exec.o
 .note.GNU-stack
                0x0000000000000000        0x0 fs/main.o
 .note.GNU-stack
                0x0000000000000000        0x0 fs/open.o
 .note.GNU-stack
                0x0000000000000000        0x0 fs/misc.o
 .note.GNU-stack
                0x0000000000000000        0x0 fs/read_write.o
 .note.GNU-stack
                0x0000000000000000        0x0 fs/link.o
 .note.GNU-stack
                0x0000000000000000        0x0 fs/disklog.o
 .note.GNU-stack
                0x0000000000000000        0x0 lib/orangescrt.a(printf.o)
 .note.GNU-stack
                0x0000000000000000        0x0 lib/orangescrt.a(vsprintf.o)
 .note.GNU-stack
                0x0000000000000000        0x0 lib/orangescrt.a(misc.o)
 .note.GNU-stack
                0x0000000000000000        0x0 lib/orangescrt.a(open.o)
 .note.GNU-stack
                0x0000000000000000        0x0 lib/orangescrt.a(read.o)
 .note.GNU-stack
                0x0000000000000000        0x0 lib/orangescrt.a(write.o)
 .note.GNU-stack
                0x0000000000000000        0x0 lib/orangescrt.a(close.o)
 .note.GNU-stack
                0x0000000000000000        0x0 lib/orangescrt.a(getpid.o)
 .note.GNU-stack
                0x0000000000000000        0x0 lib/orangescrt.a(stat.o)
 .note.GNU-stack
                0x0000000000000000        0x0 lib/orangescrt.a(fork.o)
 .note.GNU-stack
                0x0000000000000000        0x0 lib/orangescrt.a(wait.o)
 .note.GNU-stack
                0x0000000000000000        0x0 lib/orangescrt.a(exec.o)

Memory Configuration

Name             Origin             Length             Attributes
*default*        0x0000000000000000 0xffffffffffffffff

Linker script and memory map

Address of section .text set to 0x1000
LOAD kernel/kernel.o
LOAD kernel/start.o
LOAD kernel/main.o
LOAD kernel/clock.o
LOAD kernel/keyboard.o
LOAD kernel/tty.o
LOAD kernel/console.o
LOAD kernel/i8259.o
LOAD kernel/global.o
LOAD kernel/protect.o
LOAD kernel/proc.o
LOAD kernel/systask.o
LOAD kernel/hd.o
LOAD kernel/kliba.o
LOAD kernel/klib.o
LOAD lib/syslog.o
LOAD mm/main.o
LOAD mm/forkexit.o
LOAD mm/exec.o
LOAD fs/main.o
LOAD fs/open.o
LOAD fs/misc.o
LOAD fs/read_write.o
LOAD fs/link.o
LOAD fs/disklog.o
LOAD lib/orangescrt.a
                0x0000000008048000                PROVIDE (__executable_start, 0x8048000)
                0x0000000008048094                . = (0x8048000 + SIZEOF_HEADERS)

.interp
 *(.interp)

.note.gnu.build-id
 *(.note.gnu.build-id)

.hash
 *(.hash)

.gnu.hash
 *(.gnu.hash)

.dynsym
 *(.dynsym)

.dynstr
 *(.dynstr)

.gnu.version
 *(.gnu.version)

.gnu.version_d
 *(.gnu.version_d)

.gnu.version_r
 *(.gnu.version_r)

.rel.dyn        0x0000000008048094        0x0
 *(.rel.init)
 *(.rel.text .rel.text.* .rel.gnu.linkonce.t.*)
 .rel.text      0x0000000000000000        0x0 kernel/kernel.o
 *(.rel.fini)
 *(.rel.rodata .rel.rodata.* .rel.gnu.linkonce.r.*)
 *(.rel.data.rel.ro .rel.data.rel.ro.* .rel.gnu.linkonce.d.rel.ro.*)
 *(.rel.data .rel.data.* .rel.gnu.linkonce.d.*)
 .rel.data      0x0000000000000000        0x0 kernel/kernel.o
 *(.rel.tdata .rel.tdata.* .rel.gnu.linkonce.td.*)
 *(.rel.tbss .rel.tbss.* .rel.gnu.linkonce.tb.*)
 *(.rel.ctors)
 *(.rel.dtors)
 *(.rel.got)
 *(.rel.bss .rel.bss.* .rel.gnu.linkonce.b.*)
 *(.rel.ifunc)

.rel.plt        0x0000000008048094        0x0
 *(.rel.plt)
                0x0000000008048094                PROVIDE (__rel_iplt_start, .)
 *(.rel.iplt)
 .rel.iplt      0x0000000000000000        0x0 kernel/kernel.o
                0x0000000008048094                PROVIDE (__rel_iplt_end, .)

.init
 *(SORT(.init))

.plt            0x00000000080480a0        0x0
 *(.plt)
 *(.iplt)
 .iplt          0x0000000000000000        0x0 kernel/kernel.o

.text           0x0000000000001000     0xcc28
 *(.text.unlikely .text.*_unlikely .text.unlikely.*)
 *(.text.exit .text.exit.*)
 *(.text.startup .text.startup.*)
 *(.text.hot .text.hot.*)
 *(.text .stub .text.* .gnu.linkonce.t.*)
 .text          0x0000000000001000      0x410 kernel/kernel.o
                0x0000000000001000                _start
                0x0000000000001040                hwint00
                0x0000000000001070                hwint01
                0x00000000000010a0                hwint02
                0x00000000000010d0                hwint03
                0x0000000000001100                hwint04
                0x0000000000001130                hwint05
                0x0000000000001160                hwint06
                0x0000000000001190                hwint07
                0x00000000000011c0                hwint08
                0x00000000000011f0                hwint09
                0x0000000000001220                hwint10
                0x0000000000001250                hwint11
                0x0000000000001280                hwint12
                0x00000000000012b0                hwint13
                0x00000000000012e0                hwint14
                0x0000000000001310                hwint15
                0x0000000000001334                divide_error
                0x000000000000133a                single_step_exception
                0x0000000000001340                nmi
                0x0000000000001346                breakpoint_exception
                0x000000000000134c                overflow
                0x0000000000001352                bounds_check
                0x0000000000001358                inval_opcode
                0x000000000000135e                copr_not_available
                0x0000000000001364                double_fault
                0x0000000000001368                copr_seg_overrun
                0x000000000000136e                inval_tss
                0x0000000000001372                segment_not_present
                0x0000000000001376                stack_exception
                0x000000000000137a                general_protection
                0x000000000000137e                page_fault
                0x0000000000001382                copr_error
                0x00000000000013cb                sys_call
                0x00000000000013eb                restart
 .text          0x0000000000001410       0x8e kernel/start.o
                0x0000000000001410                cstart
 .text          0x000000000000149e      0x94b kernel/main.o
                0x000000000000149e                kernel_main
                0x00000000000017c7                get_ticks
                0x00000000000017ff                untar
                0x00000000000019c9                shabby_shell
                0x0000000000001c09                Init
                0x0000000000001d8a                TestA
                0x0000000000001d8f                TestB
                0x0000000000001d94                TestC
                0x0000000000001d99                panic
 .text          0x0000000000001de9      0x115 kernel/clock.o
                0x0000000000001de9                clock_handler
                0x0000000000001e61                milli_delay
                0x0000000000001e9a                init_clock
 .text          0x0000000000001efe      0x6cf kernel/keyboard.o
                0x0000000000001efe                keyboard_handler
                0x0000000000001f64                init_keyboard
                0x0000000000002013                keyboard_read
 .text          0x00000000000025cd      0xa6c kernel/tty.o
                0x00000000000025cd                task_tty
                0x00000000000027c2                in_process
                0x0000000000002d40                sys_printx
                0x0000000000002ee2                dump_tty_buf
 .text          0x0000000000003039      0x7e1 kernel/console.o
                0x0000000000003039                init_screen
                0x00000000000031aa                out_char
                0x00000000000034a0                is_current_console
                0x0000000000003595                select_console
                0x00000000000035d0                scroll_screen
 .text          0x000000000000381a      0x13c kernel/i8259.o
                0x000000000000381a                init_8259A
                0x000000000000390b                spurious_irq
                0x0000000000003936                put_irq_handler
 .text          0x0000000000003956        0x0 kernel/global.o
 .text          0x0000000000003956      0x842 kernel/protect.o
                0x0000000000003956                init_prot
                0x0000000000003fb0                seg2linear
                0x0000000000003fff                init_desc
                0x000000000000406b                exception_handler
 .text          0x0000000000004198     0x1892 kernel/proc.o
                0x0000000000004198                schedule
                0x0000000000004223                sys_sendrec
                0x0000000000004382                ldt_seg_linear
                0x00000000000043cc                va2la
                0x000000000000443b                reset_msg
                0x00000000000053ea                inform_int
                0x0000000000005580                dump_proc
                0x00000000000058e3                dump_msg
 .text          0x0000000000005a2a      0x2cf kernel/systask.o
                0x0000000000005a2a                task_sys
 .text          0x0000000000005cf9      0xe9e kernel/hd.o
                0x0000000000005cf9                task_hd
                0x0000000000006b72                hd_handler
 *fill*         0x0000000000006b97        0x9 
 .text          0x0000000000006ba0      0x19a kernel/kliba.o
                0x0000000000006ba0                disp_str
                0x0000000000006bde                disp_color_str
                0x0000000000006c1d                out_byte
                0x0000000000006c29                in_byte
                0x0000000000006c33                port_read
                0x0000000000006c46                port_write
                0x0000000000006c59                disable_irq
                0x0000000000006c8e                enable_irq
                0x0000000000006cad                disable_int
                0x0000000000006caf                enable_int
                0x0000000000006cb1                glitter
 .text          0x0000000000006d3a      0x2d2 kernel/klib.o
                0x0000000000006d3a                get_boot_params
                0x0000000000006dda                get_kernel_map
                0x0000000000006ef6                itoa
                0x0000000000006fa1                disp_int
                0x0000000000006fc6                delay
 .text          0x000000000000700c       0x75 lib/syslog.o
                0x000000000000700c                syslog
 .text          0x0000000000007081      0x1d9 mm/main.o
                0x0000000000007081                task_mm
                0x00000000000071c7                alloc_mem
                0x0000000000007250                free_mem
 .text          0x000000000000725a      0x620 mm/forkexit.o
                0x000000000000725a                do_fork
                0x00000000000075f6                do_exit
                0x00000000000077c1                do_wait
 .text          0x000000000000787a      0x392 mm/exec.o
                0x000000000000787a                do_exec
 .text          0x0000000000007c0c     0x13d3 fs/main.o
                0x0000000000007c0c                task_fs
                0x00000000000087ec                rw_sector
                0x0000000000008a26                get_super_block
                0x0000000000008a6c                get_inode
                0x0000000000008bda                put_inode
                0x0000000000008c1f                sync_inode
                0x0000000000008e4e                fs_list
 .text          0x0000000000008fdf      0xb5d fs/open.o
                0x0000000000008fdf                do_open
                0x000000000000946e                do_close
                0x00000000000094e5                do_lseek
 .text          0x0000000000009b3c      0x56f fs/misc.o
                0x0000000000009b3c                do_stat
                0x0000000000009d2d                search_file
                0x0000000000009ea6                list_file
                0x000000000000a01f                strip_path
 .text          0x000000000000a0ab      0x522 fs/read_write.o
                0x000000000000a0ab                do_rdwt
 .text          0x000000000000a5cd      0x8f6 fs/link.o
                0x000000000000a5cd                do_unlink
 .text          0x000000000000aec3     0x2142 fs/disklog.o
                0x000000000000aec3                disklog
                0x000000000000b509                dump_fd_graph
 .text          0x000000000000d005       0xc0 lib/orangescrt.a(printf.o)
                0x000000000000d005                printf
                0x000000000000d084                printl
 .text          0x000000000000d0c5      0x318 lib/orangescrt.a(vsprintf.o)
                0x000000000000d128                vsprintf
                0x000000000000d3b3                sprintf
 *fill*         0x000000000000d3dd        0x3 
 .text          0x000000000000d3e0       0x78 lib/orangescrt.a(string.o)
                0x000000000000d3e0                memcpy
                0x000000000000d409                memset
                0x000000000000d42a                strcpy
                0x000000000000d442                strlen
 .text          0x000000000000d458      0x288 lib/orangescrt.a(misc.o)
                0x000000000000d458                send_recv
                0x000000000000d538                memcmp
                0x000000000000d5ae                strcmp
                0x000000000000d620                strcat
                0x000000000000d67f                spin
                0x000000000000d69a                assertion_failure
 .text          0x000000000000d6e0       0x73 lib/orangescrt.a(open.o)
                0x000000000000d6e0                open
 .text          0x000000000000d753       0x3f lib/orangescrt.a(read.o)
                0x000000000000d753                read
 .text          0x000000000000d792       0x3f lib/orangescrt.a(write.o)
                0x000000000000d792                write
 .text          0x000000000000d7d1       0x33 lib/orangescrt.a(close.o)
                0x000000000000d7d1                close
 .text          0x000000000000d804       0x59 lib/orangescrt.a(getpid.o)
                0x000000000000d804                getpid
 .text          0x000000000000d85d       0x73 lib/orangescrt.a(stat.o)
                0x000000000000d85d                stat
 .text          0x000000000000d8d0       0x84 lib/orangescrt.a(fork.o)
                0x000000000000d8d0                fork
 .text          0x000000000000d954       0x44 lib/orangescrt.a(wait.o)
                0x000000000000d954                wait
 .text          0x000000000000d998      0x263 lib/orangescrt.a(exec.o)
                0x000000000000d998                exec
                0x000000000000da13                execl
                0x000000000000da39                execv
 *fill*         0x000000000000dbfb        0x5 
 .text          0x000000000000dc00       0x28 lib/orangescrt.a(syscall.o)
                0x000000000000dc00                sendrec
                0x000000000000dc1a                printx
 *(.gnu.warning)

.fini
 *(SORT(.fini))
                0x000000000000dc28                PROVIDE (__etext, .)
                0x000000000000dc28                PROVIDE (_etext, .)
                0x000000000000dc28                PROVIDE (etext, .)

.rodata         0x000000000000dc40     0x26d7
 *(.rodata .rodata.* .gnu.linkonce.r.*)
 .rodata        0x000000000000dc40       0x47 kernel/start.o
 *fill*         0x000000000000dc87        0x1 
 .rodata        0x000000000000dc88      0x2cc kernel/main.o
 .rodata        0x000000000000df54       0x64 kernel/keyboard.o
 .rodata        0x000000000000dfb8      0x168 kernel/tty.o
 .rodata        0x000000000000e120       0x5b kernel/console.o
 .rodata        0x000000000000e17b       0x11 kernel/i8259.o
 .rodata        0x000000000000e18c       0x10 kernel/global.o
                0x000000000000e18c                FSBUF_SIZE
                0x000000000000e190                MMBUF_SIZE
                0x000000000000e194                LOGBUF_SIZE
                0x000000000000e198                LOGDISKBUF_SIZE
 *fill*         0x000000000000e19c        0x4 
 .rodata        0x000000000000e1a0      0x580 kernel/protect.o
 .rodata        0x000000000000e720      0x5da kernel/proc.o
 .rodata        0x000000000000ecfa       0x11 kernel/systask.o
 *fill*         0x000000000000ed0b        0x1 
 .rodata        0x000000000000ed0c      0x1df kernel/hd.o
 *fill*         0x000000000000eeeb        0x1 
 .rodata        0x000000000000eeec       0x6a kernel/klib.o
 .rodata        0x000000000000ef56       0x1e lib/syslog.o
 .rodata        0x000000000000ef74       0xb1 mm/main.o
 *fill*         0x000000000000f025        0x3 
 .rodata        0x000000000000f028       0xe7 mm/forkexit.o
 *fill*         0x000000000000f10f        0x1 
 .rodata        0x000000000000f110       0xa4 mm/exec.o
 .rodata        0x000000000000f1b4      0x2c4 fs/main.o
 .rodata        0x000000000000f478      0x13c fs/open.o
 .rodata        0x000000000000f5b4       0x60 fs/misc.o
 .rodata        0x000000000000f614      0x164 fs/read_write.o
 .rodata        0x000000000000f778      0x1ad fs/link.o
 *fill*         0x000000000000f925        0x3 
 .rodata        0x000000000000f928      0x806 fs/disklog.o
 .rodata        0x000000000001012e       0x14 lib/orangescrt.a(printf.o)
 *fill*         0x0000000000010142        0x2 
 .rodata        0x0000000000010144       0xad lib/orangescrt.a(misc.o)
 .rodata        0x00000000000101f1       0x23 lib/orangescrt.a(open.o)
 .rodata        0x0000000000010214       0x25 lib/orangescrt.a(getpid.o)
 .rodata        0x0000000000010239       0x23 lib/orangescrt.a(stat.o)
 .rodata        0x000000000001025c       0x33 lib/orangescrt.a(fork.o)
 *fill*         0x000000000001028f        0x1 
 .rodata        0x0000000000010290       0x87 lib/orangescrt.a(exec.o)

.rodata1
 *(.rodata1)

.eh_frame_hdr
 *(.eh_frame_hdr)

.eh_frame       0x0000000000010318     0x1314
 *(.eh_frame)
 .eh_frame      0x0000000000010318       0x38 kernel/start.o
 .eh_frame      0x0000000000010350      0x108 kernel/main.o
                                        0x120 (size before relaxing)
 .eh_frame      0x0000000000010458       0x60 kernel/clock.o
                                         0x78 (size before relaxing)
 .eh_frame      0x00000000000104b8       0xe0 kernel/keyboard.o
                                         0xf8 (size before relaxing)
 .eh_frame      0x0000000000010598      0x13c kernel/tty.o
                                        0x154 (size before relaxing)
 .eh_frame      0x00000000000106d4      0x148 kernel/console.o
                                        0x160 (size before relaxing)
 .eh_frame      0x000000000001081c       0x60 kernel/i8259.o
                                         0x78 (size before relaxing)
 .eh_frame      0x000000000001087c       0xb0 kernel/protect.o
                                         0xc8 (size before relaxing)
 .eh_frame      0x000000000001092c      0x1c0 kernel/proc.o
                                        0x1d8 (size before relaxing)
 .eh_frame      0x0000000000010aec       0x5c kernel/systask.o
                                         0x74 (size before relaxing)
 .eh_frame      0x0000000000010b48      0x210 kernel/hd.o
                                        0x228 (size before relaxing)
 .eh_frame      0x0000000000010d58       0xa0 kernel/klib.o
                                         0xb8 (size before relaxing)
 .eh_frame      0x0000000000010df8       0x20 lib/syslog.o
                                         0x38 (size before relaxing)
 .eh_frame      0x0000000000010e18       0x7c mm/main.o
                                         0x94 (size before relaxing)
 .eh_frame      0x0000000000010e94       0x90 mm/forkexit.o
                                         0xa8 (size before relaxing)
 .eh_frame      0x0000000000010f24       0x2c mm/exec.o
                                         0x44 (size before relaxing)
 .eh_frame      0x0000000000010f50      0x1a0 fs/main.o
                                        0x1b8 (size before relaxing)
 .eh_frame      0x00000000000110f0      0x128 fs/open.o
                                        0x140 (size before relaxing)
 .eh_frame      0x0000000000011218       0x98 fs/misc.o
                                         0xb0 (size before relaxing)
 .eh_frame      0x00000000000112b0       0x2c fs/read_write.o
                                         0x44 (size before relaxing)
 .eh_frame      0x00000000000112dc       0x2c fs/link.o
                                         0x44 (size before relaxing)
 .eh_frame      0x0000000000011308       0x60 fs/disklog.o
                                         0x78 (size before relaxing)
 .eh_frame      0x0000000000011368       0x40 lib/orangescrt.a(printf.o)
                                         0x58 (size before relaxing)
 .eh_frame      0x00000000000113a8       0x68 lib/orangescrt.a(vsprintf.o)
                                         0x80 (size before relaxing)
 .eh_frame      0x0000000000011410       0xbc lib/orangescrt.a(misc.o)
                                         0xd4 (size before relaxing)
 .eh_frame      0x00000000000114cc       0x20 lib/orangescrt.a(open.o)
                                         0x38 (size before relaxing)
 .eh_frame      0x00000000000114ec       0x20 lib/orangescrt.a(read.o)
                                         0x38 (size before relaxing)
 .eh_frame      0x000000000001150c       0x20 lib/orangescrt.a(write.o)
                                         0x38 (size before relaxing)
 .eh_frame      0x000000000001152c       0x20 lib/orangescrt.a(close.o)
                                         0x38 (size before relaxing)
 .eh_frame      0x000000000001154c       0x20 lib/orangescrt.a(getpid.o)
                                         0x38 (size before relaxing)
 .eh_frame      0x000000000001156c       0x20 lib/orangescrt.a(stat.o)
                                         0x38 (size before relaxing)
 .eh_frame      0x000000000001158c       0x20 lib/orangescrt.a(fork.o)
                                         0x38 (size before relaxing)
 .eh_frame      0x00000000000115ac       0x20 lib/orangescrt.a(wait.o)
                                         0x38 (size before relaxing)
 .eh_frame      0x00000000000115cc       0x60 lib/orangescrt.a(exec.o)
                                         0x78 (size before relaxing)

.gcc_except_table
 *(.gcc_except_table .gcc_except_table.*)

.exception_ranges
 *(.exception_ranges .exception_ranges*)
                0x000000000001162c                . = (ALIGN (0x1000) - ((0x1000 - .) & 0xfff))
                0x0000000000012000                . = DATA_SEGMENT_ALIGN (0x1000, 0x1000)

.eh_frame
 *(.eh_frame)

.gcc_except_table
 *(.gcc_except_table .gcc_except_table.*)

.exception_ranges
 *(.exception_ranges .exception_ranges*)

.tdata
 *(.tdata .tdata.* .gnu.linkonce.td.*)

.tbss
 *(.tbss .tbss.* .gnu.linkonce.tb.*)
 *(.tcommon)

.preinit_array  0x0000000000012000        0x0
                0x0000000000012000                PROVIDE (__preinit_array_start, .)
 *(.preinit_array)
                0x0000000000012000                PROVIDE (__preinit_array_end, .)

.init_array     0x0000000000012000        0x0
                0x0000000000012000                PROVIDE (__init_array_start, .)
 *(SORT(.init_array.*) SORT(.ctors.*))
 *(.init_array EXCLUDE_FILE(*crtend?.o *crtend.o *crtbegin?.o *crtbegin.o) .ctors)
                0x0000000000012000                PROVIDE (__init_array_end, .)

.fini_array     0x0000000000012000        0x0
                0x0000000000012000                PROVIDE (__fini_array_start, .)
 *(SORT(.fini_array.*) SORT(.dtors.*))
 *(.fini_array EXCLUDE_FILE(*crtend?.o *crtend.o *crtbegin?.o *crtbegin.o) .dtors)
                0x0000000000012000                PROVIDE (__fini_array_end, .)

.ctors
 *crtbegin.o(.ctors)
 *crtbegin?.o(.ctors)
 *(EXCLUDE_FILE(*crtend?.o *crtend.o) .ctors)
 *(SORT(.ctors.*))
 *(.ctors)

.dtors
 *crtbegin.o(.dtors)
 *crtbegin?.o(.dtors)
 *(EXCLUDE_FILE(*crtend?.o *crtend.o) .dtors)
 *(SORT(.dtors.*))
 *(.dtors)

.jcr
 *(.jcr)

.data.rel.ro
 *(.data.rel.ro.local* .gnu.linkonce.d.rel.ro.local.*)
 *(.data.rel.ro .data.rel.ro.* .gnu.linkonce.d.rel.ro.*)

.dynamic
 *(.dynamic)

.got
 *(.got)
 *(.igot)
                0x0000000000012000                . = DATA_SEGMENT_RELRO_END (., (SIZEOF (.got.plt) >= 0xc)?0xc:0x0)

.got.plt        0x0000000000012000        0x0
 *(.got.plt)
 *(.igot.plt)
 .igot.plt      0x0000000000000000        0x0 kernel/kernel.o

.data           0x0000000000012000      0x814
 *(.data .data.* .gnu.linkonce.d.*)
 .data          0x0000000000012000        0x2 kernel/kernel.o
 .data          0x0000000000012002        0x0 kernel/start.o
 .data          0x0000000000012002        0x0 kernel/main.o
 .data          0x0000000000012002        0x0 kernel/clock.o
 *fill*         0x0000000000012002       0x1e 
 .data          0x0000000000012020      0x600 kernel/keyboard.o
                0x0000000000012020                keymap
 .data          0x0000000000012620       0x22 kernel/tty.o
 .data          0x0000000000012642        0x0 kernel/console.o
 .data          0x0000000000012642        0x0 kernel/i8259.o
 *fill*         0x0000000000012642       0x1e 
 .data          0x0000000000012660      0x1b4 kernel/global.o
                0x0000000000012660                task_table
                0x0000000000012740                user_proc_table
                0x00000000000127e0                sys_call_table
                0x00000000000127ec                dd_map
                0x0000000000012804                fsbuf
                0x0000000000012808                mmbuf
                0x000000000001280c                logbuf
                0x0000000000012810                logdiskbuf
 .data          0x0000000000012814        0x0 kernel/protect.o
 .data          0x0000000000012814        0x0 kernel/proc.o
 .data          0x0000000000012814        0x0 kernel/systask.o
 .data          0x0000000000012814        0x0 kernel/hd.o
 .data          0x0000000000012814        0x0 kernel/klib.o
 .data          0x0000000000012814        0x0 lib/syslog.o
 .data          0x0000000000012814        0x0 mm/main.o
 .data          0x0000000000012814        0x0 mm/forkexit.o
 .data          0x0000000000012814        0x0 mm/exec.o
 .data          0x0000000000012814        0x0 fs/main.o
 .data          0x0000000000012814        0x0 fs/open.o
 .data          0x0000000000012814        0x0 fs/misc.o
 .data          0x0000000000012814        0x0 fs/read_write.o
 .data          0x0000000000012814        0x0 fs/link.o
 .data          0x0000000000012814        0x0 fs/disklog.o
 .data          0x0000000000012814        0x0 lib/orangescrt.a(printf.o)
 .data          0x0000000000012814        0x0 lib/orangescrt.a(vsprintf.o)
 .data          0x0000000000012814        0x0 lib/orangescrt.a(misc.o)
 .data          0x0000000000012814        0x0 lib/orangescrt.a(open.o)
 .data          0x0000000000012814        0x0 lib/orangescrt.a(read.o)
 .data          0x0000000000012814        0x0 lib/orangescrt.a(write.o)
 .data          0x0000000000012814        0x0 lib/orangescrt.a(close.o)
 .data          0x0000000000012814        0x0 lib/orangescrt.a(getpid.o)
 .data          0x0000000000012814        0x0 lib/orangescrt.a(stat.o)
 .data          0x0000000000012814        0x0 lib/orangescrt.a(fork.o)
 .data          0x0000000000012814        0x0 lib/orangescrt.a(wait.o)
 .data          0x0000000000012814        0x0 lib/orangescrt.a(exec.o)

.data1
 *(.data1)
                0x0000000000012814                _edata = .
                0x0000000000012814                PROVIDE (edata, .)
                0x0000000000012814                . = .
                0x0000000000012814                __bss_start = .

.bss            0x0000000000012820    0x2b788
 *(.dynbss)
 *(.bss .bss.* .gnu.linkonce.b.*)
 .bss           0x0000000000012820      0x800 kernel/kernel.o
 .bss           0x0000000000013020        0x0 kernel/start.o
 .bss           0x0000000000013020        0x0 kernel/main.o
 .bss           0x0000000000013020        0x0 kernel/clock.o
 .bss           0x0000000000013020       0x58 kernel/keyboard.o
 .bss           0x0000000000013078        0x0 kernel/tty.o
 .bss           0x0000000000013078        0x0 kernel/console.o
 .bss           0x0000000000013078        0x0 kernel/i8259.o
 .bss           0x0000000000013078        0x0 kernel/global.o
 .bss           0x0000000000013078        0x0 kernel/protect.o
 .bss           0x0000000000013078        0x0 kernel/proc.o
 .bss           0x0000000000013078        0x0 kernel/systask.o
 *fill*         0x0000000000013078        0x8 
 .bss           0x0000000000013080      0x64c kernel/hd.o
 .bss           0x00000000000136cc        0x0 kernel/klib.o
 .bss           0x00000000000136cc        0x0 lib/syslog.o
 .bss           0x00000000000136cc        0x0 mm/main.o
 .bss           0x00000000000136cc        0x0 mm/forkexit.o
 .bss           0x00000000000136cc        0x0 mm/exec.o
 .bss           0x00000000000136cc        0x0 fs/main.o
 .bss           0x00000000000136cc        0x0 fs/open.o
 .bss           0x00000000000136cc        0x0 fs/misc.o
 .bss           0x00000000000136cc        0x0 fs/read_write.o
 .bss           0x00000000000136cc        0x0 fs/link.o
 *fill*         0x00000000000136cc       0x14 
 .bss           0x00000000000136e0      0x208 fs/disklog.o
 .bss           0x00000000000138e8        0x0 lib/orangescrt.a(printf.o)
 .bss           0x00000000000138e8        0x0 lib/orangescrt.a(vsprintf.o)
 .bss           0x00000000000138e8        0x0 lib/orangescrt.a(misc.o)
 .bss           0x00000000000138e8        0x0 lib/orangescrt.a(open.o)
 .bss           0x00000000000138e8        0x0 lib/orangescrt.a(read.o)
 .bss           0x00000000000138e8        0x0 lib/orangescrt.a(write.o)
 .bss           0x00000000000138e8        0x0 lib/orangescrt.a(close.o)
 .bss           0x00000000000138e8        0x0 lib/orangescrt.a(getpid.o)
 .bss           0x00000000000138e8        0x0 lib/orangescrt.a(stat.o)
 .bss           0x00000000000138e8        0x0 lib/orangescrt.a(fork.o)
 .bss           0x00000000000138e8        0x0 lib/orangescrt.a(wait.o)
 .bss           0x00000000000138e8        0x0 lib/orangescrt.a(exec.o)
 *(COMMON)
 *fill*         0x00000000000138e8       0x18 
 COMMON         0x0000000000013900    0x2a698 kernel/global.o
                0x0000000000013900                idt_ptr
                0x0000000000013920                inode_table
                0x0000000000014420                task_stack
                0x0000000000038420                k_reenter
                0x0000000000038440                gdt
                0x0000000000038840                current_console
                0x0000000000038844                pcaller
                0x0000000000038860                tty_table
                0x00000000000394e0                tss
                0x0000000000039560                fs_msg
                0x0000000000039590                memory_size
                0x00000000000395a0                f_desc_table
                0x00000000000399a0                root_inode
                0x00000000000399a4                disp_pos
                0x00000000000399c0                mm_msg
                0x00000000000399f0                key_pressed
                0x00000000000399f4                gdt_ptr
                0x0000000000039a00                idt
                0x000000000003a200                super_block
                0x000000000003a3e0                ticks
                0x000000000003a400                console_table
                0x000000000003a440                irq_table
                0x000000000003a480                p_proc_ready
                0x000000000003a4a0                proc_table
 COMMON         0x000000000003df98       0x10 kernel/hd.o
                0x000000000003df98                PARTITION_ENTRY
                0x000000000003dfa8                . = ALIGN ((. != 0x0)?0x4:0x1)
                0x000000000003dfa8                . = ALIGN (0x4)
                0x000000000003dfa8                . = SEGMENT_START ("ldata-segment", .)
                0x000000000003dfa8                . = ALIGN (0x4)
                0x000000000003dfa8                _end = .
                0x000000000003dfa8                PROVIDE (end, .)
                0x000000000003dfa8                . = DATA_SEGMENT_END (.)

.stab
 *(.stab)

.stabstr
 *(.stabstr)

.stab.excl
 *(.stab.excl)

.stab.exclstr
 *(.stab.exclstr)

.stab.index
 *(.stab.index)

.stab.indexstr
 *(.stab.indexstr)

.comment        0x0000000000000000       0x2b
 *(.comment)
 .comment       0x0000000000000000       0x2b kernel/start.o
                                         0x2c (size before relaxing)
 .comment       0x0000000000000000       0x2c kernel/main.o
 .comment       0x0000000000000000       0x2c kernel/clock.o
 .comment       0x0000000000000000       0x2c kernel/keyboard.o
 .comment       0x0000000000000000       0x2c kernel/tty.o
 .comment       0x0000000000000000       0x2c kernel/console.o
 .comment       0x0000000000000000       0x2c kernel/i8259.o
 .comment       0x0000000000000000       0x2c kernel/global.o
 .comment       0x0000000000000000       0x2c kernel/protect.o
 .comment       0x0000000000000000       0x2c kernel/proc.o
 .comment       0x0000000000000000       0x2c kernel/systask.o
 .comment       0x0000000000000000       0x2c kernel/hd.o
 .comment       0x0000000000000000       0x2c kernel/klib.o
 .comment       0x0000000000000000       0x2c lib/syslog.o
 .comment       0x0000000000000000       0x2c mm/main.o
 .comment       0x0000000000000000       0x2c mm/forkexit.o
 .comment       0x0000000000000000       0x2c mm/exec.o
 .comment       0x0000000000000000       0x2c fs/main.o
 .comment       0x0000000000000000       0x2c fs/open.o
 .comment       0x0000000000000000       0x2c fs/misc.o
 .comment       0x0000000000000000       0x2c fs/read_write.o
 .comment       0x0000000000000000       0x2c fs/link.o
 .comment       0x0000000000000000       0x2c fs/disklog.o
 .comment       0x0000000000000000       0x2c lib/orangescrt.a(printf.o)
 .comment       0x0000000000000000       0x2c lib/orangescrt.a(vsprintf.o)
 .comment       0x0000000000000000       0x2c lib/orangescrt.a(misc.o)
 .comment       0x0000000000000000       0x2c lib/orangescrt.a(open.o)
 .comment       0x0000000000000000       0x2c lib/orangescrt.a(read.o)
 .comment       0x0000000000000000       0x2c lib/orangescrt.a(write.o)
 .comment       0x0000000000000000       0x2c lib/orangescrt.a(close.o)
 .comment       0x0000000000000000       0x2c lib/orangescrt.a(getpid.o)
 .comment       0x0000000000000000       0x2c lib/orangescrt.a(stat.o)
 .comment       0x0000000000000000       0x2c lib/orangescrt.a(fork.o)
 .comment       0x0000000000000000       0x2c lib/orangescrt.a(wait.o)
 .comment       0x0000000000000000       0x2c lib/orangescrt.a(exec.o)

.debug
 *(.debug)

.line
 *(.line)

.debug_srcinfo
 *(.debug_srcinfo)

.debug_sfnames
 *(.debug_sfnames)

.debug_aranges
 *(.debug_aranges)

.debug_pubnames
 *(.debug_pubnames)

.debug_info
 *(.debug_info .gnu.linkonce.wi.*)

.debug_abbrev
 *(.debug_abbrev)

.debug_line
 *(.debug_line .debug_line.* .debug_line_end)

.debug_frame
 *(.debug_frame)

.debug_str
 *(.debug_str)

.debug_loc
 *(.debug_loc)

.debug_macinfo
 *(.debug_macinfo)

.debug_weaknames
 *(.debug_weaknames)

.debug_funcnames
 *(.debug_funcnames)

.debug_typenames
 *(.debug_typenames)

.debug_varnames
 *(.debug_varnames)

.debug_pubtypes
 *(.debug_pubtypes)

.debug_ranges
 *(.debug_ranges)

.debug_macro
 *(.debug_macro)

.gnu.attributes
 *(.gnu.attributes)

/DISCARD/
 *(.note.GNU-stack)
 *(.gnu_debuglink)
 *(.gnu.lto_*)
OUTPUT(kernel.bin elf32-i386)
